Archive member included because of file (symbol)

f:/atmel toolchain/avr8 gcc/native/3.4.1061/avr8-gnu-toolchain/bin/../lib/gcc/avr/4.8.1/avr5\libgcc.a(_exit.o)
                              f:/atmel toolchain/avr8 gcc/native/3.4.1061/avr8-gnu-toolchain/bin/../lib/gcc/avr/4.8.1/../../../../avr/lib/avr5/crtm32m1.o (exit)
f:/atmel toolchain/avr8 gcc/native/3.4.1061/avr8-gnu-toolchain/bin/../lib/gcc/avr/4.8.1/avr5\libgcc.a(_tablejump.o)
                              can_api.o (__tablejump2__)
f:/atmel toolchain/avr8 gcc/native/3.4.1061/avr8-gnu-toolchain/bin/../lib/gcc/avr/4.8.1/avr5\libgcc.a(_clear_bss.o)
                              battBalance.o (__do_clear_bss)

Allocating common symbols
Common symbol       size              file

tm_sequence_count   0x1               battBalance.o
event_readyf        0x1               battBalance.o
write_arr           0x8               battBalance.o
pyi                 0x1               battBalance.o
battv_low           0x2               battBalance.o
payv_low            0x2               battBalance.o
msg_received        0x1               can_api.o
tm_to_downlink      0x98              battBalance.o
payv_high           0x2               battBalance.o
event_arr           0x8               battBalance.o
pyv_high            0x2               battBalance.o
battemp_high        0x2               battBalance.o
data1               0x8               battBalance.o
data2               0x8               battBalance.o
send_arr            0x8               battBalance.o
epstemp_high        0x2               battBalance.o
epstemp_low         0x2               battBalance.o
data4               0x8               battBalance.o
comsi_high          0x2               battBalance.o
balance_h           0x1               battBalance.o
setv_arr            0x8               battBalance.o
pxi_low             0x2               battBalance.o
obcv_high           0x2               battBalance.o
write_response      0x1               battBalance.o
sensh_arr           0x8               battBalance.o
batti_high          0x2               battBalance.o
balance_l           0x1               battBalance.o
start_tc_transferf  0x1               battBalance.o
tc_transfer_completef
                    0x1               battBalance.o
comsv_high          0x2               battBalance.o
message             0x80              trans_lib.o
data_req_arr        0x8               battBalance.o
comsv_low           0x2               battBalance.o
battmv_low          0x2               battBalance.o
mppty               0x1               battBalance.o
battmv_high         0x2               battBalance.o
CURRENT_MINUTE      0x1               battBalance.o
pxv_high            0x2               battBalance.o
pyv                 0x1               battBalance.o
send_now            0x1               battBalance.o
mpptx               0x1               battBalance.o
new_tm_msgf         0x1               battBalance.o
payi_low            0x2               battBalance.o
trans_msg           0x6               can_api.o
read_response       0x1               battBalance.o
current_tm          0x98              battBalance.o
data0               0x8               battBalance.o
send_hk             0x1               battBalance.o
obci_high           0x2               battBalance.o
CTC_flag            0x1               main.o
pxv_low             0x2               battBalance.o
pyv_low             0x2               battBalance.o
receive_arr         0x8               battBalance.o
id_array            0x6               battBalance.o
pyi_low             0x2               battBalance.o
data3               0x8               battBalance.o
set_sens_h          0x1               battBalance.o
tc_packet_readyf    0x1               battBalance.o
current_tm_fullf    0x1               battBalance.o
send_data           0x1               battBalance.o
set_varf            0x1               battBalance.o
set_sens_l          0x1               battBalance.o
new_tm_msg          0x8               battBalance.o
pxv                 0x1               battBalance.o
pxi                 0x1               battBalance.o
battv_high          0x2               battBalance.o
battemp_low         0x2               battBalance.o
data5               0x8               battBalance.o
obci_low            0x2               battBalance.o
batti_low           0x2               battBalance.o
mob_number          0x1               battBalance.o
comsi_low           0x2               battBalance.o
payi_high           0x2               battBalance.o
receiving_tmf       0x1               battBalance.o
new_tc_msg          0x8               battBalance.o
obcv_low            0x2               battBalance.o
sensl_arr           0x8               battBalance.o
status              0x1               battBalance.o
pxi_high            0x2               battBalance.o
current_tc          0x98              battBalance.o
pyi_high            0x2               battBalance.o
read_arr            0x8               battBalance.o

Discarded input sections

 .data          0x00000000        0x0 f:/atmel toolchain/avr8 gcc/native/3.4.1061/avr8-gnu-toolchain/bin/../lib/gcc/avr/4.8.1/../../../../avr/lib/avr5/crtm32m1.o
 .bss           0x00000000        0x0 f:/atmel toolchain/avr8 gcc/native/3.4.1061/avr8-gnu-toolchain/bin/../lib/gcc/avr/4.8.1/../../../../avr/lib/avr5/crtm32m1.o
 .text          0x00000000        0x0 adc_lib.o
 .data          0x00000000        0x0 adc_lib.o
 .bss           0x00000000        0x0 adc_lib.o
 .text.adc_read
                0x00000000       0x12 adc_lib.o
 .text.adc_set_pin
                0x00000000        0x6 adc_lib.o
 .text          0x00000000        0x0 battBalance.o
 .data          0x00000000        0x0 battBalance.o
 .bss           0x00000000        0x0 battBalance.o
 .text.run_battBalance
                0x00000000       0x3a battBalance.o
 .text          0x00000000        0x0 can_api.o
 .data          0x00000000        0x0 can_api.o
 .bss           0x00000000        0x0 can_api.o
 .text.decode_command
                0x00000000      0x144 can_api.o
 .progmem.gcc_sw_table.decode_command
                0x00000000       0x28 can_api.o
 .text.set_up_msg
                0x00000000       0xb4 can_api.o
 .text.clean_up_msg
                0x00000000      0x156 can_api.o
 .text.can_check_housekeep
                0x00000000       0x64 can_api.o
 .text.can_check_general
                0x00000000       0xb6 can_api.o
 .text          0x00000000        0x0 can_drv.o
 .data          0x00000000        0x0 can_drv.o
 .bss           0x00000000        0x0 can_drv.o
 .text.can_get_mob_free
                0x00000000       0x40 can_drv.o
 .text.can_auto_baudrate
                0x00000000      0x3b8 can_drv.o
 .text          0x00000000        0x0 can_lib.o
 .data          0x00000000        0x0 can_lib.o
 .bss           0x00000000        0x0 can_lib.o
 .text          0x00000000        0x0 commands.o
 .data          0x00000000        0x0 commands.o
 .bss           0x00000000        0x0 commands.o
 .text          0x00000000        0x0 comsTimer.o
 .data          0x00000000        0x0 comsTimer.o
 .bss           0x00000000        0x0 comsTimer.o
 .text          0x00000000        0x0 main.o
 .data          0x00000000        0x0 main.o
 .bss           0x00000000        0x0 main.o
 .text          0x00000000        0x0 mppt_timer.o
 .data          0x00000000        0x0 mppt_timer.o
 .bss           0x00000000        0x0 mppt_timer.o
 .text.mppt_timer_init
                0x00000000       0x18 mppt_timer.o
 .text.set_duty_cycleX
                0x00000000        0x4 mppt_timer.o
 .text.set_duty_cycleY
                0x00000000        0x4 mppt_timer.o
 .text.run_mppt
                0x00000000        0xe mppt_timer.o
 .debug_info    0x00000000      0x700 mppt_timer.o
 .debug_abbrev  0x00000000      0x103 mppt_timer.o
 .debug_loc     0x00000000       0x1f mppt_timer.o
 .debug_aranges
                0x00000000       0x38 mppt_timer.o
 .debug_ranges  0x00000000       0x28 mppt_timer.o
 .debug_line    0x00000000       0xe5 mppt_timer.o
 .debug_str     0x00000000      0x4be mppt_timer.o
 .comment       0x00000000       0x31 mppt_timer.o
 .debug_frame   0x00000000       0x54 mppt_timer.o
 .text          0x00000000        0x0 port.o
 .data          0x00000000        0x0 port.o
 .bss           0x00000000        0x0 port.o
 .text.LED_Reg_Write
                0x00000000        0x6 port.o
 .text.PIN_set  0x00000000       0x80 port.o
 .text.PIN_clr  0x00000000       0x80 port.o
 .text          0x00000000        0x0 spi_lib.o
 .data          0x00000000        0x0 spi_lib.o
 .bss           0x00000000        0x0 spi_lib.o
 .text          0x00000000        0x0 Timer.o
 .data          0x00000000        0x0 Timer.o
 .bss           0x00000000        0x0 Timer.o
 .text          0x00000000        0x0 trans_lib.o
 .data          0x00000000        0x0 trans_lib.o
 .bss           0x00000000        0x0 trans_lib.o
 .text.get_status
                0x00000000       0x1a trans_lib.o
 .text.dir_FIFO_read
                0x00000000       0x44 trans_lib.o
 .text.dir_FIFO_write
                0x00000000       0x46 trans_lib.o
 .text.set_CSn  0x00000000       0x10 trans_lib.o
 .text.trans_check
                0x00000000       0x8a trans_lib.o
 .text.test1    0x00000000       0x38 trans_lib.o
 .bss.message_counter
                0x00000000        0x2 trans_lib.o
 .text          0x00000000        0x0 f:/atmel toolchain/avr8 gcc/native/3.4.1061/avr8-gnu-toolchain/bin/../lib/gcc/avr/4.8.1/avr5\libgcc.a(_exit.o)
 .data          0x00000000        0x0 f:/atmel toolchain/avr8 gcc/native/3.4.1061/avr8-gnu-toolchain/bin/../lib/gcc/avr/4.8.1/avr5\libgcc.a(_exit.o)
 .bss           0x00000000        0x0 f:/atmel toolchain/avr8 gcc/native/3.4.1061/avr8-gnu-toolchain/bin/../lib/gcc/avr/4.8.1/avr5\libgcc.a(_exit.o)
 .text.libgcc.mul
                0x00000000        0x0 f:/atmel toolchain/avr8 gcc/native/3.4.1061/avr8-gnu-toolchain/bin/../lib/gcc/avr/4.8.1/avr5\libgcc.a(_exit.o)
 .text.libgcc.div
                0x00000000        0x0 f:/atmel toolchain/avr8 gcc/native/3.4.1061/avr8-gnu-toolchain/bin/../lib/gcc/avr/4.8.1/avr5\libgcc.a(_exit.o)
 .text.libgcc   0x00000000        0x0 f:/atmel toolchain/avr8 gcc/native/3.4.1061/avr8-gnu-toolchain/bin/../lib/gcc/avr/4.8.1/avr5\libgcc.a(_exit.o)
 .text.libgcc.prologue
                0x00000000        0x0 f:/atmel toolchain/avr8 gcc/native/3.4.1061/avr8-gnu-toolchain/bin/../lib/gcc/avr/4.8.1/avr5\libgcc.a(_exit.o)
 .text.libgcc.builtins
                0x00000000        0x0 f:/atmel toolchain/avr8 gcc/native/3.4.1061/avr8-gnu-toolchain/bin/../lib/gcc/avr/4.8.1/avr5\libgcc.a(_exit.o)
 .text.libgcc.fmul
                0x00000000        0x0 f:/atmel toolchain/avr8 gcc/native/3.4.1061/avr8-gnu-toolchain/bin/../lib/gcc/avr/4.8.1/avr5\libgcc.a(_exit.o)
 .text.libgcc.fixed
                0x00000000        0x0 f:/atmel toolchain/avr8 gcc/native/3.4.1061/avr8-gnu-toolchain/bin/../lib/gcc/avr/4.8.1/avr5\libgcc.a(_exit.o)
 .text          0x00000000        0x0 f:/atmel toolchain/avr8 gcc/native/3.4.1061/avr8-gnu-toolchain/bin/../lib/gcc/avr/4.8.1/avr5\libgcc.a(_tablejump.o)
 .data          0x00000000        0x0 f:/atmel toolchain/avr8 gcc/native/3.4.1061/avr8-gnu-toolchain/bin/../lib/gcc/avr/4.8.1/avr5\libgcc.a(_tablejump.o)
 .bss           0x00000000        0x0 f:/atmel toolchain/avr8 gcc/native/3.4.1061/avr8-gnu-toolchain/bin/../lib/gcc/avr/4.8.1/avr5\libgcc.a(_tablejump.o)
 .text.libgcc.mul
                0x00000000        0x0 f:/atmel toolchain/avr8 gcc/native/3.4.1061/avr8-gnu-toolchain/bin/../lib/gcc/avr/4.8.1/avr5\libgcc.a(_tablejump.o)
 .text.libgcc.div
                0x00000000        0x0 f:/atmel toolchain/avr8 gcc/native/3.4.1061/avr8-gnu-toolchain/bin/../lib/gcc/avr/4.8.1/avr5\libgcc.a(_tablejump.o)
 .text.libgcc.prologue
                0x00000000        0x0 f:/atmel toolchain/avr8 gcc/native/3.4.1061/avr8-gnu-toolchain/bin/../lib/gcc/avr/4.8.1/avr5\libgcc.a(_tablejump.o)
 .text.libgcc.builtins
                0x00000000        0x0 f:/atmel toolchain/avr8 gcc/native/3.4.1061/avr8-gnu-toolchain/bin/../lib/gcc/avr/4.8.1/avr5\libgcc.a(_tablejump.o)
 .text.libgcc.fmul
                0x00000000        0x0 f:/atmel toolchain/avr8 gcc/native/3.4.1061/avr8-gnu-toolchain/bin/../lib/gcc/avr/4.8.1/avr5\libgcc.a(_tablejump.o)
 .text.libgcc.fixed
                0x00000000        0x0 f:/atmel toolchain/avr8 gcc/native/3.4.1061/avr8-gnu-toolchain/bin/../lib/gcc/avr/4.8.1/avr5\libgcc.a(_tablejump.o)
 .text          0x00000000        0x0 f:/atmel toolchain/avr8 gcc/native/3.4.1061/avr8-gnu-toolchain/bin/../lib/gcc/avr/4.8.1/avr5\libgcc.a(_clear_bss.o)
 .data          0x00000000        0x0 f:/atmel toolchain/avr8 gcc/native/3.4.1061/avr8-gnu-toolchain/bin/../lib/gcc/avr/4.8.1/avr5\libgcc.a(_clear_bss.o)
 .bss           0x00000000        0x0 f:/atmel toolchain/avr8 gcc/native/3.4.1061/avr8-gnu-toolchain/bin/../lib/gcc/avr/4.8.1/avr5\libgcc.a(_clear_bss.o)
 .text.libgcc.mul
                0x00000000        0x0 f:/atmel toolchain/avr8 gcc/native/3.4.1061/avr8-gnu-toolchain/bin/../lib/gcc/avr/4.8.1/avr5\libgcc.a(_clear_bss.o)
 .text.libgcc.div
                0x00000000        0x0 f:/atmel toolchain/avr8 gcc/native/3.4.1061/avr8-gnu-toolchain/bin/../lib/gcc/avr/4.8.1/avr5\libgcc.a(_clear_bss.o)
 .text.libgcc   0x00000000        0x0 f:/atmel toolchain/avr8 gcc/native/3.4.1061/avr8-gnu-toolchain/bin/../lib/gcc/avr/4.8.1/avr5\libgcc.a(_clear_bss.o)
 .text.libgcc.prologue
                0x00000000        0x0 f:/atmel toolchain/avr8 gcc/native/3.4.1061/avr8-gnu-toolchain/bin/../lib/gcc/avr/4.8.1/avr5\libgcc.a(_clear_bss.o)
 .text.libgcc.builtins
                0x00000000        0x0 f:/atmel toolchain/avr8 gcc/native/3.4.1061/avr8-gnu-toolchain/bin/../lib/gcc/avr/4.8.1/avr5\libgcc.a(_clear_bss.o)
 .text.libgcc.fmul
                0x00000000        0x0 f:/atmel toolchain/avr8 gcc/native/3.4.1061/avr8-gnu-toolchain/bin/../lib/gcc/avr/4.8.1/avr5\libgcc.a(_clear_bss.o)
 .text.libgcc.fixed
                0x00000000        0x0 f:/atmel toolchain/avr8 gcc/native/3.4.1061/avr8-gnu-toolchain/bin/../lib/gcc/avr/4.8.1/avr5\libgcc.a(_clear_bss.o)

Memory Configuration

Name             Origin             Length             Attributes
text             0x00000000         0x00020000         xr
data             0x00800060         0x0000ffa0         rw !x
eeprom           0x00810000         0x00010000         rw !x
fuse             0x00820000         0x00000400         rw !x
lock             0x00830000         0x00000400         rw !x
signature        0x00840000         0x00000400         rw !x
user_signatures  0x00850000         0x00000400         rw !x
*default*        0x00000000         0xffffffff

Linker script and memory map

Address of section .data set to 0x800100
LOAD f:/atmel toolchain/avr8 gcc/native/3.4.1061/avr8-gnu-toolchain/bin/../lib/gcc/avr/4.8.1/../../../../avr/lib/avr5/crtm32m1.o
LOAD adc_lib.o
LOAD battBalance.o
LOAD can_api.o
LOAD can_drv.o
LOAD can_lib.o
LOAD commands.o
LOAD comsTimer.o
LOAD main.o
LOAD mppt_timer.o
LOAD port.o
LOAD spi_lib.o
LOAD Timer.o
LOAD trans_lib.o
START GROUP
LOAD f:/atmel toolchain/avr8 gcc/native/3.4.1061/avr8-gnu-toolchain/bin/../lib/gcc/avr/4.8.1/../../../../avr/lib/avr5\libm.a
END GROUP
START GROUP
LOAD f:/atmel toolchain/avr8 gcc/native/3.4.1061/avr8-gnu-toolchain/bin/../lib/gcc/avr/4.8.1/avr5\libgcc.a
LOAD f:/atmel toolchain/avr8 gcc/native/3.4.1061/avr8-gnu-toolchain/bin/../lib/gcc/avr/4.8.1/../../../../avr/lib/avr5\libm.a
LOAD f:/atmel toolchain/avr8 gcc/native/3.4.1061/avr8-gnu-toolchain/bin/../lib/gcc/avr/4.8.1/../../../../avr/lib/avr5\libc.a
END GROUP

.hash
 *(.hash)

.dynsym
 *(.dynsym)

.dynstr
 *(.dynstr)

.gnu.version
 *(.gnu.version)

.gnu.version_d
 *(.gnu.version_d)

.gnu.version_r
 *(.gnu.version_r)

.rel.init
 *(.rel.init)

.rela.init
 *(.rela.init)

.rel.text
 *(.rel.text)
 *(.rel.text.*)
 *(.rel.gnu.linkonce.t*)

.rela.text
 *(.rela.text)
 *(.rela.text.*)
 *(.rela.gnu.linkonce.t*)

.rel.fini
 *(.rel.fini)

.rela.fini
 *(.rela.fini)

.rel.rodata
 *(.rel.rodata)
 *(.rel.rodata.*)
 *(.rel.gnu.linkonce.r*)

.rela.rodata
 *(.rela.rodata)
 *(.rela.rodata.*)
 *(.rela.gnu.linkonce.r*)

.rel.data
 *(.rel.data)
 *(.rel.data.*)
 *(.rel.gnu.linkonce.d*)

.rela.data
 *(.rela.data)
 *(.rela.data.*)
 *(.rela.gnu.linkonce.d*)

.rel.ctors
 *(.rel.ctors)

.rela.ctors
 *(.rela.ctors)

.rel.dtors
 *(.rel.dtors)

.rela.dtors
 *(.rela.dtors)

.rel.got
 *(.rel.got)

.rela.got
 *(.rela.got)

.rel.bss
 *(.rel.bss)

.rela.bss
 *(.rela.bss)

.rel.plt
 *(.rel.plt)

.rela.plt
 *(.rela.plt)

.text           0x00000000     0x21c2
 *(.vectors)
 .vectors       0x00000000       0x7c f:/atmel toolchain/avr8 gcc/native/3.4.1061/avr8-gnu-toolchain/bin/../lib/gcc/avr/4.8.1/../../../../avr/lib/avr5/crtm32m1.o
                0x00000000                __vector_default
                0x00000000                __vectors
 *(.vectors)
 *(.progmem.gcc*)
 .progmem.gcc_sw_table.can_cmd
                0x0000007c       0x16 can_lib.o
                0x00000092                . = ALIGN (0x2)
                0x00000092                __trampolines_start = .
 *(.trampolines)
 .trampolines   0x00000092        0x0 linker stubs
 *(.trampolines*)
                0x00000092                __trampolines_end = .
 *(.progmem*)
                0x00000092                . = ALIGN (0x2)
 *(.jumptables)
 *(.jumptables*)
 *(.lowtext)
 *(.lowtext*)
                0x00000092                __ctors_start = .
 *(.ctors)
                0x00000092                __ctors_end = .
                0x00000092                __dtors_start = .
 *(.dtors)
                0x00000092                __dtors_end = .
 SORT(*)(.ctors)
 SORT(*)(.dtors)
 *(.init0)
 .init0         0x00000092        0x0 f:/atmel toolchain/avr8 gcc/native/3.4.1061/avr8-gnu-toolchain/bin/../lib/gcc/avr/4.8.1/../../../../avr/lib/avr5/crtm32m1.o
                0x00000092                __init
 *(.init0)
 *(.init1)
 *(.init1)
 *(.init2)
 .init2         0x00000092        0xc f:/atmel toolchain/avr8 gcc/native/3.4.1061/avr8-gnu-toolchain/bin/../lib/gcc/avr/4.8.1/../../../../avr/lib/avr5/crtm32m1.o
 *(.init2)
 *(.init3)
 *(.init3)
 *(.init4)
 .init4         0x0000009e       0x10 f:/atmel toolchain/avr8 gcc/native/3.4.1061/avr8-gnu-toolchain/bin/../lib/gcc/avr/4.8.1/avr5\libgcc.a(_clear_bss.o)
                0x0000009e                __do_clear_bss
 *(.init4)
 *(.init5)
 *(.init5)
 *(.init6)
 *(.init6)
 *(.init7)
 *(.init7)
 *(.init8)
 *(.init8)
 *(.init9)
 .init9         0x000000ae        0x8 f:/atmel toolchain/avr8 gcc/native/3.4.1061/avr8-gnu-toolchain/bin/../lib/gcc/avr/4.8.1/../../../../avr/lib/avr5/crtm32m1.o
 *(.init9)
 *(.text)
 .text          0x000000b6        0x4 f:/atmel toolchain/avr8 gcc/native/3.4.1061/avr8-gnu-toolchain/bin/../lib/gcc/avr/4.8.1/../../../../avr/lib/avr5/crtm32m1.o
                0x000000b6                __vector_22
                0x000000b6                __vector_28
                0x000000b6                __vector_1
                0x000000b6                __vector_24
                0x000000b6                __bad_interrupt
                0x000000b6                __vector_6
                0x000000b6                __vector_3
                0x000000b6                __vector_23
                0x000000b6                __vector_30
                0x000000b6                __vector_25
                0x000000b6                __vector_11
                0x000000b6                __vector_13
                0x000000b6                __vector_19
                0x000000b6                __vector_7
                0x000000b6                __vector_27
                0x000000b6                __vector_5
                0x000000b6                __vector_4
                0x000000b6                __vector_9
                0x000000b6                __vector_2
                0x000000b6                __vector_21
                0x000000b6                __vector_15
                0x000000b6                __vector_29
                0x000000b6                __vector_8
                0x000000b6                __vector_26
                0x000000b6                __vector_14
                0x000000b6                __vector_10
                0x000000b6                __vector_16
                0x000000b6                __vector_18
                0x000000b6                __vector_20
                0x000000ba                . = ALIGN (0x2)
 *(.text.*)
 .text.adc_initialize
                0x000000ba       0x14 adc_lib.o
                0x000000ba                adc_initialize
 .text.can_send_message
                0x000000ce       0x62 can_api.o
                0x000000ce                can_send_message
 .text.can_init_mobs
                0x00000130      0x13e can_api.o
                0x00000130                can_init_mobs
 .text.can_clear_all_mob
                0x0000026e       0x26 can_drv.o
                0x0000026e                can_clear_all_mob
 .text.can_get_mob_status
                0x00000294       0x2c can_drv.o
                0x00000294                can_get_mob_status
 .text.can_get_data
                0x000002c0       0x14 can_drv.o
                0x000002c0                can_get_data
 .text.can_fixed_baudrate
                0x000002d4       0x1c can_drv.o
                0x000002d4                can_fixed_baudrate
 .text.can_init
                0x000002f0       0x1e can_lib.o
                0x000002f0                can_init
 .text.can_cmd  0x0000030e      0xc58 can_lib.o
                0x0000030e                can_cmd
 .text.can_get_status
                0x00000f66      0x1d2 can_lib.o
                0x00000f66                can_get_status
 .text.send_tm_transaction_response
                0x00001138       0x34 commands.o
 .text.send_response
                0x0000116c       0x2a commands.o
                0x0000116c                send_response
 .text.send_housekeeping
                0x00001196       0x24 commands.o
                0x00001196                send_housekeeping
 .text.send_sensor_data
                0x000011ba       0xb0 commands.o
                0x000011ba                send_sensor_data
 .text.send_coms_packet
                0x0000126a       0x30 commands.o
                0x0000126a                send_coms_packet
 .text.send_read_response
                0x0000129a       0x40 commands.o
                0x0000129a                send_read_response
 .text.send_write_response
                0x000012da       0x46 commands.o
                0x000012da                send_write_response
 .text.set_sensor_high
                0x00001320      0x1ca commands.o
                0x00001320                set_sensor_high
 .text.set_sensor_low
                0x000014ea      0x1ca commands.o
                0x000014ea                set_sensor_low
 .text.set_var  0x000016b4       0x40 commands.o
                0x000016b4                set_var
 .text.receive_tm_msg
                0x000016f4      0x128 commands.o
                0x000016f4                receive_tm_msg
 .text.alert_obc_tcp_ready
                0x0000181c       0x26 commands.o
                0x0000181c                alert_obc_tcp_ready
 .text.send_pus_packet_tc
                0x00001842      0x174 commands.o
                0x00001842                send_pus_packet_tc
 .text.send_event
                0x000019b6       0x46 commands.o
                0x000019b6                send_event
 .text.run_commands
                0x000019fc       0x7a commands.o
                0x000019fc                run_commands
 .text.__vector_17
                0x00001a76       0x14 comsTimer.o
                0x00001a76                __vector_17
 .text.coms_timer_init
                0x00001a8a       0x10 comsTimer.o
                0x00001a8a                coms_timer_init
 .text.main     0x00001a9a      0x1ac main.o
                0x00001a9a                main
 .text.PIN_toggle
                0x00001c46       0xda port.o
                0x00001c46                PIN_toggle
 .text.spi_initialize_master
                0x00001d20        0xc spi_lib.o
                0x00001d20                spi_initialize_master
 .text.spi_transfer
                0x00001d2c       0x1a spi_lib.o
                0x00001d2c                spi_transfer
 .text.SS_set_high
                0x00001d46        0xa spi_lib.o
                0x00001d46                SS_set_high
 .text.spi_transfer2
                0x00001d50       0x30 spi_lib.o
                0x00001d50                spi_transfer2
 .text.SS1_set_high
                0x00001d80        0x4 spi_lib.o
                0x00001d80                SS1_set_high
 .text.SS_set_low
                0x00001d84        0xa spi_lib.o
                0x00001d84                SS_set_low
 .text.SS1_set_low
                0x00001d8e        0x4 spi_lib.o
                0x00001d8e                SS1_set_low
 .text.spi_retrieve_temp
                0x00001d92       0x3a spi_lib.o
                0x00001d92                spi_retrieve_temp
 .text.__vector_12
                0x00001dcc       0x1e Timer.o
                0x00001dcc                __vector_12
 .text.timer_init
                0x00001dea       0x10 Timer.o
                0x00001dea                timer_init
 .text.delay_us
                0x00001dfa       0x24 Timer.o
                0x00001dfa                delay_us
 .text.delay_ms
                0x00001e1e       0x2c Timer.o
                0x00001e1e                delay_ms
 .text.delay_cycles
                0x00001e4a        0xe Timer.o
                0x00001e4a                delay_cycles
 .text.reg_read
                0x00001e58       0x32 trans_lib.o
                0x00001e58                reg_read
 .text.reg_write
                0x00001e8a       0x32 trans_lib.o
                0x00001e8a                reg_write
 .text.reg_read2F
                0x00001ebc       0x3e trans_lib.o
                0x00001ebc                reg_read2F
 .text.cmd_str  0x00001efa       0x16 trans_lib.o
                0x00001efa                cmd_str
 .text.reg_write2F
                0x00001f10       0x46 trans_lib.o
                0x00001f10                reg_write2F
 .text.reg_write_bit
                0x00001f56       0x4e trans_lib.o
                0x00001f56                reg_write_bit
 .text.reg_write_bit2F
                0x00001fa4       0x4e trans_lib.o
                0x00001fa4                reg_write_bit2F
 .text.transceiver_initialize
                0x00001ff2      0x198 trans_lib.o
                0x00001ff2                transceiver_initialize
 .text.test2    0x0000218a       0x28 trans_lib.o
                0x0000218a                test2
 .text.libgcc   0x000021b2        0xc f:/atmel toolchain/avr8 gcc/native/3.4.1061/avr8-gnu-toolchain/bin/../lib/gcc/avr/4.8.1/avr5\libgcc.a(_tablejump.o)
                0x000021b2                __tablejump2__
                0x000021b6                __tablejump__
                0x000021be                . = ALIGN (0x2)
 *(.fini9)
 .fini9         0x000021be        0x0 f:/atmel toolchain/avr8 gcc/native/3.4.1061/avr8-gnu-toolchain/bin/../lib/gcc/avr/4.8.1/avr5\libgcc.a(_exit.o)
                0x000021be                _exit
                0x000021be                exit
 *(.fini9)
 *(.fini8)
 *(.fini8)
 *(.fini7)
 *(.fini7)
 *(.fini6)
 *(.fini6)
 *(.fini5)
 *(.fini5)
 *(.fini4)
 *(.fini4)
 *(.fini3)
 *(.fini3)
 *(.fini2)
 *(.fini2)
 *(.fini1)
 *(.fini1)
 *(.fini0)
 .fini0         0x000021be        0x4 f:/atmel toolchain/avr8 gcc/native/3.4.1061/avr8-gnu-toolchain/bin/../lib/gcc/avr/4.8.1/avr5\libgcc.a(_exit.o)
 *(.fini0)
                0x000021c2                _etext = .

.data           0x00800100        0x0 load address 0x000021c2
                0x00800100                PROVIDE (__data_start, .)
 *(.data)
 *(.data*)
 *(.rodata)
 *(.rodata*)
 *(.gnu.linkonce.d*)
                0x00800100                . = ALIGN (0x2)
                0x00800100                _edata = .
                0x00800100                PROVIDE (__data_end, .)

.bss            0x00800100      0x335
                0x00800100                PROVIDE (__bss_start, .)
 *(.bss)
 *(.bss*)
 *(COMMON)
 COMMON         0x00800100      0x2ad battBalance.o
                0x00800100                tm_sequence_count
                0x00800101                event_readyf
                0x00800102                write_arr
                0x0080010a                pyi
                0x0080010b                battv_low
                0x0080010d                payv_low
                0x0080010f                tm_to_downlink
                0x008001a7                payv_high
                0x008001a9                event_arr
                0x008001b1                pyv_high
                0x008001b3                battemp_high
                0x008001b5                data1
                0x008001bd                data2
                0x008001c5                send_arr
                0x008001cd                epstemp_high
                0x008001cf                epstemp_low
                0x008001d1                data4
                0x008001d9                comsi_high
                0x008001db                balance_h
                0x008001dc                setv_arr
                0x008001e4                pxi_low
                0x008001e6                obcv_high
                0x008001e8                write_response
                0x008001e9                sensh_arr
                0x008001f1                batti_high
                0x008001f3                balance_l
                0x008001f4                start_tc_transferf
                0x008001f5                tc_transfer_completef
                0x008001f6                comsv_high
                0x008001f8                data_req_arr
                0x00800200                comsv_low
                0x00800202                battmv_low
                0x00800204                mppty
                0x00800205                battmv_high
                0x00800207                CURRENT_MINUTE
                0x00800208                pxv_high
                0x0080020a                pyv
                0x0080020b                send_now
                0x0080020c                mpptx
                0x0080020d                new_tm_msgf
                0x0080020e                payi_low
                0x00800210                read_response
                0x00800211                current_tm
                0x008002a9                data0
                0x008002b1                send_hk
                0x008002b2                obci_high
                0x008002b4                pxv_low
                0x008002b6                pyv_low
                0x008002b8                receive_arr
                0x008002c0                id_array
                0x008002c6                pyi_low
                0x008002c8                data3
                0x008002d0                set_sens_h
                0x008002d1                tc_packet_readyf
                0x008002d2                current_tm_fullf
                0x008002d3                send_data
                0x008002d4                set_varf
                0x008002d5                set_sens_l
                0x008002d6                new_tm_msg
                0x008002de                pxv
                0x008002df                pxi
                0x008002e0                battv_high
                0x008002e2                battemp_low
                0x008002e4                data5
                0x008002ec                obci_low
                0x008002ee                batti_low
                0x008002f0                mob_number
                0x008002f1                comsi_low
                0x008002f3                payi_high
                0x008002f5                receiving_tmf
                0x008002f6                new_tc_msg
                0x008002fe                obcv_low
                0x00800300                sensl_arr
                0x00800308                status
                0x00800309                pxi_high
                0x0080030b                current_tc
                0x008003a3                pyi_high
                0x008003a5                read_arr
 COMMON         0x008003ad        0x7 can_api.o
                0x008003ad                msg_received
                0x008003ae                trans_msg
 COMMON         0x008003b4        0x1 main.o
                0x008003b4                CTC_flag
 COMMON         0x008003b5       0x80 trans_lib.o
                0x008003b5                message
                0x00800435                PROVIDE (__bss_end, .)
                0x000021c2                __data_load_start = LOADADDR (.data)
                0x000021c2                __data_load_end = (__data_load_start + SIZEOF (.data))

.noinit         0x00800435        0x0
                0x00800435                PROVIDE (__noinit_start, .)
 *(.noinit*)
                0x00800435                PROVIDE (__noinit_end, .)
                0x00800435                _end = .
                0x00800435                PROVIDE (__heap_start, .)

.eeprom         0x00810000        0x0
 *(.eeprom*)
                0x00810000                __eeprom_end = .

.fuse
 *(.fuse)
 *(.lfuse)
 *(.hfuse)
 *(.efuse)

.lock
 *(.lock*)

.signature
 *(.signature*)

.user_signatures
 *(.user_signatures*)

.stab
 *(.stab)

.stabstr
 *(.stabstr)

.stab.excl
 *(.stab.excl)

.stab.exclstr
 *(.stab.exclstr)

.stab.index
 *(.stab.index)

.stab.indexstr
 *(.stab.indexstr)

.comment        0x00000000       0x30
 *(.comment)
 .comment       0x00000000       0x30 adc_lib.o
                                 0x31 (size before relaxing)
 .comment       0x00000000       0x31 battBalance.o
 .comment       0x00000000       0x31 can_api.o
 .comment       0x00000000       0x31 can_drv.o
 .comment       0x00000000       0x31 can_lib.o
 .comment       0x00000000       0x31 commands.o
 .comment       0x00000000       0x31 comsTimer.o
 .comment       0x00000000       0x31 main.o
 .comment       0x00000000       0x31 port.o
 .comment       0x00000000       0x31 spi_lib.o
 .comment       0x00000000       0x31 Timer.o
 .comment       0x00000000       0x31 trans_lib.o

.note.gnu.build-id
 *(.note.gnu.build-id)

.debug
 *(.debug)

.line
 *(.line)

.debug_srcinfo
 *(.debug_srcinfo)

.debug_sfnames
 *(.debug_sfnames)

.debug_aranges  0x00000000      0x350
 *(.debug_aranges)
 .debug_aranges
                0x00000000       0x30 adc_lib.o
 .debug_aranges
                0x00000030       0x20 battBalance.o
 .debug_aranges
                0x00000050       0x50 can_api.o
 .debug_aranges
                0x000000a0       0x48 can_drv.o
 .debug_aranges
                0x000000e8       0x30 can_lib.o
 .debug_aranges
                0x00000118       0x90 commands.o
 .debug_aranges
                0x000001a8       0x28 comsTimer.o
 .debug_aranges
                0x000001d0       0x20 main.o
 .debug_aranges
                0x000001f0       0x38 port.o
 .debug_aranges
                0x00000228       0x58 spi_lib.o
 .debug_aranges
                0x00000280       0x40 Timer.o
 .debug_aranges
                0x000002c0       0x90 trans_lib.o

.debug_pubnames
 *(.debug_pubnames)

.debug_info     0x00000000     0x608e
 *(.debug_info .gnu.linkonce.wi.*)
 .debug_info    0x00000000      0x11e adc_lib.o
 .debug_info    0x0000011e      0x6b2 battBalance.o
 .debug_info    0x000007d0      0xc05 can_api.o
 .debug_info    0x000013d5      0x2e8 can_drv.o
 .debug_info    0x000016bd      0x972 can_lib.o
 .debug_info    0x0000202f      0xea4 commands.o
 .debug_info    0x00002ed3      0x657 comsTimer.o
 .debug_info    0x0000352a      0xa22 main.o
 .debug_info    0x00003f4c      0x10d port.o
 .debug_info    0x00004059      0x91e spi_lib.o
 .debug_info    0x00004977      0x16a Timer.o
 .debug_info    0x00004ae1     0x15ad trans_lib.o

.debug_abbrev   0x00000000     0x120e
 *(.debug_abbrev)
 .debug_abbrev  0x00000000       0xbf adc_lib.o
 .debug_abbrev  0x000000bf       0xd6 battBalance.o
 .debug_abbrev  0x00000195      0x1f5 can_api.o
 .debug_abbrev  0x0000038a      0x12c can_drv.o
 .debug_abbrev  0x000004b6      0x24f can_lib.o
 .debug_abbrev  0x00000705      0x28b commands.o
 .debug_abbrev  0x00000990       0x9d comsTimer.o
 .debug_abbrev  0x00000a2d      0x210 main.o
 .debug_abbrev  0x00000c3d       0x89 port.o
 .debug_abbrev  0x00000cc6      0x1d3 spi_lib.o
 .debug_abbrev  0x00000e99      0x102 Timer.o
 .debug_abbrev  0x00000f9b      0x273 trans_lib.o

.debug_line     0x00000000     0x149f
 *(.debug_line .debug_line.* .debug_line_end)
 .debug_line    0x00000000       0xb8 adc_lib.o
 .debug_line    0x000000b8       0xb8 battBalance.o
 .debug_line    0x00000170      0x2a0 can_api.o
 .debug_line    0x00000410      0x288 can_drv.o
 .debug_line    0x00000698      0x297 can_lib.o
 .debug_line    0x0000092f      0x36d commands.o
 .debug_line    0x00000c9c       0xb8 comsTimer.o
 .debug_line    0x00000d54      0x17a main.o
 .debug_line    0x00000ece      0x11f port.o
 .debug_line    0x00000fed      0x147 spi_lib.o
 .debug_line    0x00001134       0xfb Timer.o
 .debug_line    0x0000122f      0x270 trans_lib.o

.debug_frame    0x00000000      0x780
 *(.debug_frame)
 .debug_frame   0x00000000       0x44 adc_lib.o
 .debug_frame   0x00000044       0x24 battBalance.o
 .debug_frame   0x00000068       0xd4 can_api.o
 .debug_frame   0x0000013c       0xd4 can_drv.o
 .debug_frame   0x00000210       0x60 can_lib.o
 .debug_frame   0x00000270      0x17c commands.o
 .debug_frame   0x000003ec       0x40 comsTimer.o
 .debug_frame   0x0000042c       0x34 main.o
 .debug_frame   0x00000460       0x54 port.o
 .debug_frame   0x000004b4       0xb0 spi_lib.o
 .debug_frame   0x00000564       0x88 Timer.o
 .debug_frame   0x000005ec      0x194 trans_lib.o

.debug_str      0x00000000      0xc38
 *(.debug_str)
 .debug_str     0x00000000      0x168 adc_lib.o
                                0x19c (size before relaxing)
 .debug_str     0x00000168      0x323 battBalance.o
                                0x4a1 (size before relaxing)
 .debug_str     0x0000048b      0x1d4 can_api.o
                                0x659 (size before relaxing)
 .debug_str     0x0000065f      0x147 can_drv.o
                                0x2b5 (size before relaxing)
 .debug_str     0x000007a6       0x48 can_lib.o
                                0x61e (size before relaxing)
 .debug_str     0x000007ee      0x1ea commands.o
                                0x783 (size before relaxing)
 .debug_str     0x000009d8       0x2d comsTimer.o
                                0x49b (size before relaxing)
 .debug_str     0x00000a05       0xbc main.o
                                0x654 (size before relaxing)
 .debug_str     0x00000ac1       0x1a port.o
                                0x184 (size before relaxing)
 .debug_str     0x00000adb       0x75 spi_lib.o
                                0x544 (size before relaxing)
 .debug_str     0x00000b50       0x19 Timer.o
                                0x1ab (size before relaxing)
 .debug_str     0x00000b69       0xcf trans_lib.o
                                0x5bc (size before relaxing)

.debug_loc      0x00000000     0x296b
 *(.debug_loc)
 .debug_loc     0x00000000       0x5d adc_lib.o
 .debug_loc     0x0000005d      0x5c5 can_api.o
 .debug_loc     0x00000622      0x962 can_drv.o
 .debug_loc     0x00000f84      0x3ec can_lib.o
 .debug_loc     0x00001370      0x8b3 commands.o
 .debug_loc     0x00001c23       0x2f comsTimer.o
 .debug_loc     0x00001c52       0xd0 main.o
 .debug_loc     0x00001d22       0x74 port.o
 .debug_loc     0x00001d96      0x27b spi_lib.o
 .debug_loc     0x00002011      0x130 Timer.o
 .debug_loc     0x00002141      0x82a trans_lib.o

.debug_macinfo
 *(.debug_macinfo)

.debug_weaknames
 *(.debug_weaknames)

.debug_funcnames
 *(.debug_funcnames)

.debug_typenames
 *(.debug_typenames)

.debug_varnames
 *(.debug_varnames)

.debug_pubtypes
 *(.debug_pubtypes)

.debug_ranges   0x00000000      0x2d8
 *(.debug_ranges)
 .debug_ranges  0x00000000       0x20 adc_lib.o
 .debug_ranges  0x00000020       0x10 battBalance.o
 .debug_ranges  0x00000030       0x40 can_api.o
 .debug_ranges  0x00000070       0x68 can_drv.o
 .debug_ranges  0x000000d8       0x20 can_lib.o
 .debug_ranges  0x000000f8       0x98 commands.o
 .debug_ranges  0x00000190       0x18 comsTimer.o
 .debug_ranges  0x000001a8       0x10 main.o
 .debug_ranges  0x000001b8       0x28 port.o
 .debug_ranges  0x000001e0       0x48 spi_lib.o
 .debug_ranges  0x00000228       0x30 Timer.o
 .debug_ranges  0x00000258       0x80 trans_lib.o

.debug_macro
 *(.debug_macro)
OUTPUT(Subsystem_Program.elf elf32-avr)
LOAD linker stubs
